Digirule 2U Cross-Assembler | Sun Jan 31 13:04:22 2021 | Page 1

                    1.  ; Backcount
                    2.
0000                3.          org     0
                    4.
0000  03            5.  start   initsp
                    6.
0001  02 50         7.  restart speed   80
                    8.
0003  05 00 64      9.          copylr 0,100
0006  05 01 65     10.          copylr 1,101
0009               11.  Loop
0009  09 64        12.          copyra 100
000B  1A 65        13.          ORRA 101
000D  07 FF        14.          COPYAR 255
000F  21 64        15.          SHIFTRL 100
0011  21 64        16.          SHIFTRL 100
0013  21 65        17.          SHIFTRL 101
0015  28 09        18.          jump Loop
0017      0000     19.          end     start

Assembly complete
0 errors
0 warnings


Line   Val   Symbol
-----  ----  --------------------------------------------------
    0  00FE  _ar                                               
    0  00FD  _br                                               
    0  0001  _c                                                
    0  00FF  _dr                                               
    0  0002  _sar                                              
    0  00FC  _sr                                               
    0  0000  _z                                                
   11  0009  Loop                                              
    7  0001  restart                                           
    5  0000  start                                             


RAM Usage
----------------------
0000  XXXXXXXXXXXXXXXX
0010  XXXXXXX.........
0020  ................
0030  ................
0040  ................
0050  ................
0060  ................
0070  ................
0080  ................
0090  ................
00A0  ................
00B0  ................
00C0  ................
00D0  ................
00E0  ................
00F0  ............
